============================= test session starts =============================
platform win32 -- Python 3.12.10, pytest-9.0.2, pluggy-1.6.0 -- C:\Users\dhruv\AppData\Local\Programs\Python\Python312\python.exe
cachedir: .pytest_cache
benchmark: 5.2.3 (defaults: timer=time.perf_counter disable_gc=False min_rounds=5 min_time=0.000005 max_time=1.0 calibration_precision=10 warmup=False warmup_iterations=100000)
rootdir: C:\Users\dhruv\OneDrive\Desktop\learnproject\portfolio-projects\document-ai\layoutlm-parser
configfile: pyproject.toml
plugins: anyio-4.12.1, langsmith-0.7.23, asyncio-1.3.0, benchmark-5.2.3, cov-7.1.0
asyncio: mode=Mode.STRICT, debug=False, asyncio_default_fixture_loop_scope=None, asyncio_default_test_loop_scope=function
collecting ... collected 29 items

tests/unit/test_chunker.py::TestDocumentChunker::test_constraint_enforcement_paragraphs PASSED [  3%]
tests/unit/test_chunker.py::TestDocumentChunker::test_force_split_massive_lines PASSED [  6%]
tests/unit/test_chunker.py::TestDocumentChunker::test_overlap_handling_infinite_safety FAILED [ 10%]
tests/unit/test_chunker.py::TestDocumentChunker::test_code_chunk_respects_functions PASSED [ 13%]
tests/unit/test_compressor.py::TestContextCompressor::test_semantic_fidelity_extractive PASSED [ 17%]
tests/unit/test_compressor.py::TestContextCompressor::test_middle_out_truncation PASSED [ 20%]
tests/unit/test_compressor.py::TestContextCompressor::test_map_reduce PASSED [ 24%]
tests/unit/test_context.py::TestContextWindow::test_overflow_priority_dropping PASSED [ 27%]
tests/unit/test_context.py::TestContextWindow::test_priority_tie_resolution PASSED [ 31%]
tests/unit/test_context.py::TestConversationManager::test_manager_preserves_newest_messages FAILED [ 34%]
tests/unit/test_cost.py::TestCostCalculator::test_mathematical_validity_inputs PASSED [ 37%]
tests/unit/test_cost.py::TestCostCalculator::test_mathematical_validity_outputs PASSED [ 41%]
tests/unit/test_cost.py::TestCostCalculator::test_conversation_aggregates PASSED [ 44%]
tests/unit/test_models.py::TestModelRegistry::test_list_models_not_empty PASSED [ 48%]
tests/unit/test_models.py::TestModelRegistry::test_get_known_model PASSED [ 51%]
tests/unit/test_models.py::TestModelRegistry::test_get_unknown_model_returns_estimate PASSED [ 55%]
tests/unit/test_models.py::TestModelRegistry::test_prefix_match PASSED   [ 58%]
tests/unit/test_models.py::TestModelRegistry::test_register_custom_model PASSED [ 62%]
tests/unit/test_models.py::TestModelRegistry::test_anthropic_models_exist PASSED [ 65%]
tests/unit/test_models.py::TestModelRegistry::test_google_models_exist PASSED [ 68%]
tests/unit/test_models.py::TestModelRegistry::test_llama_models_exist PASSED [ 72%]
tests/unit/test_tokenizer.py::TestTokenCounter::test_determinism_guarantees PASSED [ 75%]
tests/unit/test_tokenizer.py::TestTokenCounter::test_chatml_overhead_exactitude FAILED [ 79%]
tests/unit/test_tokenizer.py::TestTokenCounter::test_edge_case_empty PASSED [ 82%]
tests/unit/test_tokenizer.py::TestTokenCounter::test_edge_case_emojis PASSED [ 86%]
tests/unit/test_tokenizer.py::TestTokenCounter::test_edge_case_massive_string PASSED [ 89%]
tests/unit/test_tokenizer.py::TestTokenCounter::test_truncation_mathematical_bounds PASSED [ 93%]
tests/unit/test_tokenizer.py::TestTokenCounter::test_fallback_mechanics PASSED [ 96%]
tests/unit/test_tokenizer.py::TestTokenCounter::test_google_multipliers_vs_openai PASSED [100%]

================================== FAILURES ===================================
__________ TestDocumentChunker.test_overlap_handling_infinite_safety __________
tests\unit\test_chunker.py:39: in test_overlap_handling_infinite_safety
    assert len(chunks) > 5
E   AssertionError: assert 3 > 5
E    +  where 3 = len([Chunk(text='A B C D E F G H I J ', index=0, token_count=11, metadata={}), Chunk(text='K L M N O P Q R S T ', index=1, token_count=11, metadata={}), Chunk(text='U V W X Y Z', index=2, token_count=6, metadata={})])
_______ TestConversationManager.test_manager_preserves_newest_messages ________
tests\unit\test_context.py:66: in test_manager_preserves_newest_messages
    assert ctx[1]["content"] == "U2"
E   AssertionError: assert 'A1' == 'U2'
E     
E     - U2
E     + A1
______________ TestTokenCounter.test_chatml_overhead_exactitude _______________
tests\unit\test_tokenizer.py:29: in test_chatml_overhead_exactitude
    assert self.counter.count_messages(messages) == 14
E   AssertionError: assert 16 == 14
E    +  where 16 = count_messages([{'role': 'system', 'content': 'You are helpful.'}, {'role': 'user', 'content': 'Hi'}])
E    +    where count_messages = <llm_context_forge.tokenizer.TokenCounter object at 0x000001C73EE9B7A0>.count_messages
E    +      where <llm_context_forge.tokenizer.TokenCounter object at 0x000001C73EE9B7A0> = <test_tokenizer.TestTokenCounter object at 0x000001C73CFF3DA0>.counter
============================== warnings summary ===============================
tests/unit/test_context.py::TestConversationManager::test_manager_preserves_newest_messages
tests/unit/test_context.py::TestConversationManager::test_manager_preserves_newest_messages
tests/unit/test_context.py::TestConversationManager::test_manager_preserves_newest_messages
tests/unit/test_context.py::TestConversationManager::test_manager_preserves_newest_messages
  C:\Users\dhruv\OneDrive\Desktop\learnproject\portfolio-projects\document-ai\layoutlm-parser\src\llm_context_forge\context.py:250: DeprecationWarning: datetime.datetime.utcnow() is deprecated and scheduled for removal in a future version. Use timezone-aware objects to represent datetimes in UTC: datetime.datetime.now(datetime.UTC).
    "timestamp": datetime.utcnow().isoformat(),

-- Docs: https://docs.pytest.org/en/stable/how-to/capture-warnings.html
=========================== short test summary info ===========================
FAILED tests/unit/test_chunker.py::TestDocumentChunker::test_overlap_handling_infinite_safety - AssertionError: assert 3 > 5
 +  where 3 = len([Chunk(text='A B C D E F G H I J ', index=0, token_count=11, metadata={}), Chunk(text='K L M N O P Q R S T ', index=1, token_count=11, metadata={}), Chunk(text='U V W X Y Z', index=2, token_count=6, metadata={})])
FAILED tests/unit/test_context.py::TestConversationManager::test_manager_preserves_newest_messages - AssertionError: assert 'A1' == 'U2'
  
  - U2
  + A1
FAILED tests/unit/test_tokenizer.py::TestTokenCounter::test_chatml_overhead_exactitude - AssertionError: assert 16 == 14
 +  where 16 = count_messages([{'role': 'system', 'content': 'You are helpful.'}, {'role': 'user', 'content': 'Hi'}])
 +    where count_messages = <llm_context_forge.tokenizer.TokenCounter object at 0x000001C73EE9B7A0>.count_messages
 +      where <llm_context_forge.tokenizer.TokenCounter object at 0x000001C73EE9B7A0> = <test_tokenizer.TestTokenCounter object at 0x000001C73CFF3DA0>.counter
================== 3 failed, 26 passed, 4 warnings in 4.33s ===================
